Testing Gemini initialization...
Provider: google
Model: gemini-1.5-flash
Client Type: <class 'google.genai.client.Client'>
SUCCESS: Gemini client initialized correctly.

Testing OpenAI initialization...
Provider: openai
Model: gpt-4o
Client Type: <class 'openai.OpenAI'>
SUCCESS: OpenAI client initialized correctly.
